EN compl NULL "C:/Users/omara/OneDrive/Escritorio/Proyecto FInal/RobotMovil/compl.vhd" sub00/vhpl04 1644989055
EN controltiempodes NULL "C:/Users/omara/OneDrive/Escritorio/Proyecto FInal/RobotMovil/controlTiempoDes.vhd" sub00/vhpl02 1644982381
EN robot NULL "C:/Users/omara/OneDrive/Escritorio/Proyecto FInal/RobotMovil/ROBOT.vhd" sub00/vhpl06 1644995234
EN motor NULL "C:/Users/omara/OneDrive/Escritorio/Proyecto FInal/RobotMovil/motor.vhd" sub00/vhpl00 1644998231
AR controltiempodes behavioral "C:/Users/omara/OneDrive/Escritorio/Proyecto FInal/RobotMovil/controlTiempoDes.vhd" sub00/vhpl03 1644982382
AR robot behavioral "C:/Users/omara/OneDrive/Escritorio/Proyecto FInal/RobotMovil/ROBOT.vhd" sub00/vhpl07 1644995235
AR compl behavioral "C:/Users/omara/OneDrive/Escritorio/Proyecto FInal/RobotMovil/compl.vhd" sub00/vhpl05 1644989056
AR motor control "C:/Users/omara/OneDrive/Escritorio/Proyecto FInal/RobotMovil/motor.vhd" sub00/vhpl01 1644998232
